[backblue.gif]
[fade.gif]
[index.html]
[itsa.edu.bo/wp-content/themes/Divi/includes/builder/styles/images/preloader.gif]
[itsa.edu.bo/comments/feed/index.html]
[itsa.edu.bo/feed/index.html]
[itsa.edu.bo/wp-content/themes/Divi/core/admin/fonts/modules/social/modules.eot]
[itsa.edu.bo/wp-content/themes/Divi/core/admin/fonts/fontawesome/fa-regular-400.eot]
[itsa.edu.bo/wp-json/wp/v2/pages/6.json]
[itsa.edu.bo/wp-json/index.html]
[itsa.edu.bo/xmlrpc0db0.php]
[itsa.edu.bo/wp-json/oembed/1.0/embedc78b.json]
[itsa.edu.bo/wp-json/oembed/1.0/embed3731]
[itsa.edu.bo/wp-content/uploads/2022/01/favicon-150x150.png]
[itsa.edu.bo/wp-content/uploads/2022/01/favicon-300x300.png]
[itsa.edu.bo/wp-content/uploads/2022/01/logo.png]
[itsa.edu.bo/wp-content/uploads/2022/01/high-school_26.png]
[itsa.edu.bo/wp-content/uploads/2025/01/carreras.jpg]
[itsa.edu.bo/wp-content/uploads/2025/01/carreras-2.jpg]
[itsa.edu.bo/wp-content/uploads/2022/01/coboce.jpg]
[itsa.edu.bo/wp-content/uploads/2025/03/afiche-400x250.jpg]
[itsa.edu.bo/wp-content/uploads/2025/01/admision2025-1-400x250.png]
[itsa.edu.bo/wp-content/uploads/2025/01/gobernador-400x250.jpg]
[itsa.edu.bo/wp-includes/js/jquery/jquery.minf43b.js]
[itsa.edu.bo/wp-includes/js/jquery/jquery-migrate.min5589.js]
[itsa.edu.bo/wp-content/themes/Divi/js/scripts.minba88.js]
[itsa.edu.bo/wp-content/themes/Divi/includes/builder/feature/dynamic-assets/assets/js/jquery.fitvidsba88.js]
[itsa.edu.bo/wp-content/themes/Divi/includes/builder/feature/dynamic-assets/assets/js/easypiechartba88.js]
[itsa.edu.bo/wp-content/themes/Divi/includes/builder/feature/dynamic-assets/assets/js/salvattoreba88.js]
[itsa.edu.bo/wp-content/themes/Divi/core/admin/js/commonba88.js]
[itsa.edu.bo/wp-includes/js/mediaelement/mediaelement-and-player.min1f61.js]
[itsa.edu.bo/wp-includes/js/mediaelement/mediaelement-migrate.min6c2d.js]
[itsa.edu.bo/wp-includes/js/mediaelement/wp-mediaelement.min6c2d.js]
[itsa.edu.bo/index.html]
[itsa.edu.bo/xmlrpc.php]
[itsa.edu.bo/wp-content/et-cache/6/et-divi-dynamic-tb-353-6-late16d8.css]
[itsa.edu.bo/wp-content/et-cache/6/et-divi-dynamic-tb-353-616d8.css]
[itsa.edu.bo/wp-content/uploads/2022/01/high-school_17.png]
[itsa.edu.bo/wp-content/et-cache/6/et-core-unified-tb-353-deferred-6.mincfe0.css]
[itsa.edu.bo/wp-json/wp/v2/pages/536.json]
[itsa.edu.bo/wp-json/oembed/1.0/embed4cf4.json]
[itsa.edu.bo/wp-json/oembed/1.0/embedcf99]
[itsa.edu.bo/wp-content/uploads/2025/01/Rectora-3.png]
[itsa.edu.bo/wp-content/uploads/2025/01/academico-3.png]
[itsa.edu.bo/wp-content/uploads/2025/01/PABLO-HUIZA-2.png]
[itsa.edu.bo/wp-content/uploads/2025/01/secretaria.png]
[itsa.edu.bo/directores/index.html]
[itsa.edu.bo/wp-json/wp/v2/pages/518.json]
[itsa.edu.bo/wp-json/oembed/1.0/embedafbb.json]
[itsa.edu.bo/wp-json/oembed/1.0/embed9dcd]
[itsa.edu.bo/wp-content/uploads/2025/01/administracion.jpg]
[itsa.edu.bo/wp-content/uploads/2025/01/construccion.jpg]
[itsa.edu.bo/wp-content/uploads/2025/01/contaduria.jpg]
[itsa.edu.bo/wp-content/uploads/2025/01/gastronomia.jpg]
[itsa.edu.bo/wp-content/uploads/2025/01/industrial.jpg]
[itsa.edu.bo/wp-content/uploads/2025/01/mecanica.jpg]
[itsa.edu.bo/wp-content/uploads/2025/01/secretariado.jpg]
[itsa.edu.bo/wp-content/uploads/2025/01/sistemas.jpg]
[itsa.edu.bo/wp-content/uploads/2025/01/topografia.jpg]
[itsa.edu.bo/518-2/index.html]
[itsa.edu.bo/wp-content/uploads/2025/03/afiche-905x675.jpg]
[itsa.edu.bo/wp-content/uploads/2025/01/admision2025-1-1080x662.png]
[itsa.edu.bo/wp-content/uploads/2025/01/gobernador-1080x675.jpg]
[itsa.edu.bo/wp-content/uploads/2025/01/admision2025-1080x662.png]
[itsa.edu.bo/wp-content/uploads/2025/01/fipab-1080x675.jpg]
[itsa.edu.bo/eventos/index.html]
[itsa.edu.bo/wp-json/wp/v2/pages/102.json]
[itsa.edu.bo/wp-json/oembed/1.0/embed4354.json]
[itsa.edu.bo/wp-json/oembed/1.0/embedb2e2]
[itsa.edu.bo/wp-content/uploads/2022/01/high-school_42.png]
[itsa.edu.bo/102-2/index.html]
[itsa.edu.bo/wp-json/wp/v2/pages/56.json]
[itsa.edu.bo/wp-json/oembed/1.0/embed1303.json]
[itsa.edu.bo/wp-json/oembed/1.0/embedd5e0]
[itsa.edu.bo/wp-content/uploads/2022/01/high-school_34.png]
[itsa.edu.bo/wp-content/uploads/2025/01/itsaDentro-1.jpg]
[itsa.edu.bo/wp-content/uploads/2022/01/alumnos.jpg]
[itsa.edu.bo/wp-content/uploads/2025/01/fotograstro_editado.jpg]
[itsa.edu.bo/wp-content/uploads/2022/01/high-school_36-3.png]
[itsa.edu.bo/56-2/index.html]
[itsa.edu.bo/2025/01/15/proceso-de-admision-nuevo-2025/feed/index.html]
[itsa.edu.bo/wp-json/wp/v2/posts/743.json]
[itsa.edu.bo/wp-json/oembed/1.0/embedcfb9.json]
[itsa.edu.bo/wp-json/oembed/1.0/embed14d1]
[itsa.edu.bo/wp-content/uploads/2025/01/Inscripcion-nuevos-2025.mp4]
[itsa.edu.bo/wp-content/uploads/2025/01/Formulario-RiTT.jpg]
[itsa.edu.bo/wp-content/uploads/2025/01/carpetas.png]
[itsa.edu.bo/wp-content/uploads/2025/01/carpeta.png]
[itsa.edu.bo/wp-content/uploads/2025/01/telegram.png]
[itsa.edu.bo/wp-includes/js/comment-reply.min6c2d.js]
[itsa.edu.bo/wp-content/themes/Divi/includes/builder/feature/dynamic-assets/assets/js/hashchangeba88.js]
[itsa.edu.bo/2025/01/15/proceso-de-admision-nuevo-2025/index.html]
[itsa.edu.bo/wp-json/wp/v2/posts/854.json]
[itsa.edu.bo/2025/03/12/jornadas-de-capacitacion-2025/feed/index.html]
[itsa.edu.bo/wp-json/oembed/1.0/embedbff1.json]
[itsa.edu.bo/wp-json/oembed/1.0/embed6f45]
[itsa.edu.bo/2025/03/12/jornadas-de-capacitacion-2025/index.html]
[itsa.edu.bo/wp-json/wp/v2/posts/678.json]
[itsa.edu.bo/2025/01/11/estudio-de-diseno-tecnico-de-preinversion/feed/index.html]
[itsa.edu.bo/wp-json/oembed/1.0/embed9798.json]
[itsa.edu.bo/wp-json/oembed/1.0/embed3fe8]
[itsa.edu.bo/2025/01/11/estudio-de-diseno-tecnico-de-preinversion/index.html]
[itsa.edu.bo/wp-includes/js/mediaelement/mediaelementplayer-legacy.min1f61.css]
[itsa.edu.bo/wp-includes/js/mediaelement/wp-mediaelement.min6c2d.css]
[itsa.edu.bo/indexd379.html]
[itsa.edu.bo/indexa51f.html]
[itsa.edu.bo/wp-json/wp/v2/pages/283.json]
[itsa.edu.bo/wp-json/oembed/1.0/embedd8bd.json]
[itsa.edu.bo/wp-json/oembed/1.0/embed7706]
[itsa.edu.bo/wp-content/uploads/2022/01/adm_emp.jpg]
[itsa.edu.bo/administracion-de-empresas/index.html]
[itsa.edu.bo/wp-json/wp/v2/pages/489.json]
[itsa.edu.bo/wp-json/oembed/1.0/embed9898.json]
[itsa.edu.bo/wp-json/oembed/1.0/embed8bc4]
[itsa.edu.bo/wp-content/uploads/2022/01/Contruccion_civil.png]
[itsa.edu.bo/construccion-civil/index.html]
[itsa.edu.bo/wp-json/wp/v2/pages/279.json]
[itsa.edu.bo/wp-json/oembed/1.0/embedc968.json]
[itsa.edu.bo/wp-json/oembed/1.0/embed2a2f]
[itsa.edu.bo/wp-content/uploads/2022/01/cont.jpg]
[itsa.edu.bo/contaduria-general/index.html]
[itsa.edu.bo/wp-json/wp/v2/pages/471.json]
[itsa.edu.bo/wp-json/oembed/1.0/embedac20.json]
[itsa.edu.bo/wp-json/oembed/1.0/embed0d6b]
[itsa.edu.bo/wp-content/uploads/2022/01/gastronomia_3-1.png]
[itsa.edu.bo/gastronomia-2/index.html]
[itsa.edu.bo/wp-json/wp/v2/pages/478.json]
[itsa.edu.bo/wp-json/oembed/1.0/embedd04a.json]
[itsa.edu.bo/wp-json/oembed/1.0/embedd4e2]
[itsa.edu.bo/wp-content/uploads/2022/01/inf_ind-1.png]
[itsa.edu.bo/informatica-industrial/index.html]
[itsa.edu.bo/wp-json/wp/v2/pages/382.json]
[itsa.edu.bo/wp-json/oembed/1.0/embedf42a.json]
[itsa.edu.bo/wp-json/oembed/1.0/embed0310]
[itsa.edu.bo/wp-content/uploads/2022/01/meanica-1.png]
[itsa.edu.bo/mecanica-automotriz/index.html]
[itsa.edu.bo/wp-json/wp/v2/pages/230.json]
[itsa.edu.bo/wp-json/oembed/1.0/embedd109.json]
[itsa.edu.bo/wp-json/oembed/1.0/embede377]
[itsa.edu.bo/wp-content/uploads/2022/01/high-school_43.png]
[itsa.edu.bo/wp-content/uploads/2022/01/secretariado.jpg]
[itsa.edu.bo/secretariado-ejecutivo/index.html]
[itsa.edu.bo/wp-json/wp/v2/pages/464.json]
[itsa.edu.bo/wp-json/oembed/1.0/embed63c8.json]
[itsa.edu.bo/wp-json/oembed/1.0/embede675]
[itsa.edu.bo/wp-content/uploads/2022/01/sis_inf-1.png]
[itsa.edu.bo/sistemas-informaticos/index.html]
[itsa.edu.bo/wp-json/wp/v2/pages/499.json]
[itsa.edu.bo/wp-json/oembed/1.0/embed0c89.json]
[itsa.edu.bo/wp-json/oembed/1.0/embed3603]
[itsa.edu.bo/wp-content/uploads/2022/01/topografia-1.png]
[itsa.edu.bo/topografia-y-geodesia/index.html]
[itsa.edu.bo/wp-includes/css/dist/block-library/style.min6c2d.css]
[itsa.edu.bo/wp-content/et-cache/global/et-divi-customizer-global.mine137.css]
[itsa.edu.bo/wp-content/et-cache/353/et-core-unified-cpt-deferred-353.min8e40.css]
[itsa.edu.bo/wp-json/wp/v2/users/1.json]
[itsa.edu.bo/author/dmin/index.html]
[itsa.edu.bo/author/dmin/feed/index.html]
[itsa.edu.bo/wp-json/wp/v2/categories/1.json]
[itsa.edu.bo/category/sin-categoria/index.html]
[itsa.edu.bo/category/sin-categoria/feed/index.html]
[itsa.edu.bo/2025/01/06/admisiones-2025/feed/index.html]
[itsa.edu.bo/wp-json/wp/v2/posts/625.json]
[itsa.edu.bo/wp-json/oembed/1.0/embed385c.json]
[itsa.edu.bo/wp-json/oembed/1.0/embed5d04]
[itsa.edu.bo/2025/01/06/admisiones-2025/index.html]
[itsa.edu.bo/wp-json/wp/v2/posts/622.json]
[itsa.edu.bo/2025/01/06/feria-de-puertas-abiertas-2024/feed/index.html]
[itsa.edu.bo/wp-json/oembed/1.0/embed32f1.json]
[itsa.edu.bo/wp-json/oembed/1.0/embed2cfe]
[static.xx.fbcdn.net/images/emoji.php/v9/te2/1/16/270d.png]
[itsa.edu.bo/2025/01/06/feria-de-puertas-abiertas-2024/index.html]
[itsa.edu.bo/wp-content/et-cache/102/et-divi-dynamic-tb-353-102542d.css]
[itsa.edu.bo/indexc5eb.html]
[itsa.edu.bo/wp-content/et-cache/102/et-core-unified-tb-353-deferred-102.min542d.css]
[itsa.edu.bo/wp-content/et-cache/56/et-divi-dynamic-tb-353-569ef9.css]
[itsa.edu.bo/index2dc8.html]
[itsa.edu.bo/wp-content/et-cache/56/et-core-unified-tb-353-deferred-56.min9826.css]
[itsa.edu.bo/wp-content/et-cache/743/et-divi-dynamic-tb-353-7439407.css]
[itsa.edu.bo/index2812.html]
[itsa.edu.bo/wp-content/et-cache/743/et-core-unified-tb-353-deferred-743.mind4f8.css]
[itsa.edu.bo/index461a.html]
[itsa.edu.bo/indexc5e7.html]
[itsa.edu.bo/wp-includes/js/mediaelement/mejs-controls.svg]
[itsa.edu.bo/wp-content/et-cache/283/et-divi-dynamic-tb-353-283f2fa.css]
[itsa.edu.bo/index30e3.html]
[itsa.edu.bo/wp-content/et-cache/283/et-core-unified-tb-353-deferred-283.minf2fa.css]
[itsa.edu.bo/wp-content/et-cache/489/et-divi-dynamic-tb-353-4893744.css]
[itsa.edu.bo/indexb645.html]
[itsa.edu.bo/wp-content/et-cache/489/et-core-unified-tb-353-deferred-489.min6849.css]
[itsa.edu.bo/wp-content/et-cache/279/et-divi-dynamic-tb-353-2793953.css]
[itsa.edu.bo/index45c8.html]
[itsa.edu.bo/wp-content/et-cache/279/et-core-unified-tb-353-deferred-279.min5468.css]
[itsa.edu.bo/wp-content/et-cache/471/et-divi-dynamic-tb-353-4718b91.css]
[itsa.edu.bo/index2c5f.html]
[itsa.edu.bo/wp-content/et-cache/471/et-core-unified-tb-353-deferred-471.minc835.css]
[itsa.edu.bo/wp-content/et-cache/478/et-divi-dynamic-tb-353-47802a3.css]
[itsa.edu.bo/index50ba.html]
[itsa.edu.bo/wp-content/et-cache/478/et-core-unified-tb-353-deferred-478.min02a3.css]
[itsa.edu.bo/wp-content/et-cache/382/et-divi-dynamic-tb-353-382155d.css]
[itsa.edu.bo/index802e.html]
[itsa.edu.bo/wp-content/et-cache/382/et-core-unified-tb-353-deferred-382.min8b5a.css]
[itsa.edu.bo/wp-content/et-cache/230/et-divi-dynamic-tb-353-23063dd.css]
[itsa.edu.bo/index9fa1.html]
[itsa.edu.bo/wp-content/et-cache/230/et-core-unified-tb-353-deferred-230.min63dd.css]
[itsa.edu.bo/wp-content/et-cache/464/et-divi-dynamic-tb-353-46404c2.css]
[itsa.edu.bo/indexa260.html]
[itsa.edu.bo/wp-content/et-cache/464/et-core-unified-tb-353-deferred-464.minb0a3.css]
[itsa.edu.bo/wp-content/et-cache/499/et-divi-dynamic-tb-353-4995431.css]
[itsa.edu.bo/indexa862.html]
[itsa.edu.bo/wp-content/et-cache/499/et-core-unified-tb-353-deferred-499.min5431.css]
[itsa.edu.bo/wp-content/et-cache/author/1/et-divi-dynamic-tb-353-lateea36.css]
[itsa.edu.bo/index8962.html]
[itsa.edu.bo/index7033.html]
